// Jest Snapshot v1, https://goo.gl/fbAQLP

exports[`if PostForm renders correctly 1`] = `
<ContextConsumer>
  <Component />
</ContextConsumer>
`;
