// Jest Snapshot v1, https://goo.gl/fbAQLP

exports[`if ErrorBoundary is rendered correctly 1`] = `""`;
